// Jest Snapshot v1, https://goo.gl/fbAQLP

exports[`Test Details Page components rendering should render details page 1`] = `
Object {
  "asFragment": [Function],
  "baseElement": <body>
    <div>
      <section
        class="details__Container-sc-lnyyf6-0 iswsjS"
      >
        <div
          class="details__ImageContainer-sc-lnyyf6-1 cKiZIi"
        >
          <img
            alt="title"
            class="details__Image-sc-lnyyf6-2 eyhuuM"
            src="https://fakestoreapi.com/img/81Zt42ioCgL._AC_SX679_.jpg"
          />
        </div>
        <div
          class="details__DetailsContainer-sc-lnyyf6-3 eCSrtt"
        >
          <h2
            class="details__Title-sc-lnyyf6-4 cWnCgk"
          >
            title
          </h2>
          <p
            class="details__Description-sc-lnyyf6-5 jLrxXK"
          >
            test
          </p>
          <span
            class="details__Price-sc-lnyyf6-6 cRoyhv"
          >
            Price: $
            999.99
          </span>
          <span
            class="details__Rate-sc-lnyyf6-8 kfAvDS"
          >
            Rate:
            2.2
          </span>
          <span
            class="details__Category-sc-lnyyf6-7 cZTTKD"
          >
            Category:
            electronics
          </span>
        </div>
      </section>
    </div>
  </body>,
  "container": <div>
    <section
      class="details__Container-sc-lnyyf6-0 iswsjS"
    >
      <div
        class="details__ImageContainer-sc-lnyyf6-1 cKiZIi"
      >
        <img
          alt="title"
          class="details__Image-sc-lnyyf6-2 eyhuuM"
          src="https://fakestoreapi.com/img/81Zt42ioCgL._AC_SX679_.jpg"
        />
      </div>
      <div
        class="details__DetailsContainer-sc-lnyyf6-3 eCSrtt"
      >
        <h2
          class="details__Title-sc-lnyyf6-4 cWnCgk"
        >
          title
        </h2>
        <p
          class="details__Description-sc-lnyyf6-5 jLrxXK"
        >
          test
        </p>
        <span
          class="details__Price-sc-lnyyf6-6 cRoyhv"
        >
          Price: $
          999.99
        </span>
        <span
          class="details__Rate-sc-lnyyf6-8 kfAvDS"
        >
          Rate:
          2.2
        </span>
        <span
          class="details__Category-sc-lnyyf6-7 cZTTKD"
        >
          Category:
          electronics
        </span>
      </div>
    </section>
  </div>,
  "debug": [Function],
  "findAllByAltText": [Function],
  "findAllByDisplayValue": [Function],
  "findAllByLabelText": [Function],
  "findAllByPlaceholderText": [Function],
  "findAllByRole": [Function],
  "findAllByTestId": [Function],
  "findAllByText": [Function],
  "findAllByTitle": [Function],
  "findByAltText": [Function],
  "findByDisplayValue": [Function],
  "findByLabelText": [Function],
  "findByPlaceholderText": [Function],
  "findByRole": [Function],
  "findByTestId": [Function],
  "findByText": [Function],
  "findByTitle": [Function],
  "getAllByAltText": [Function],
  "getAllByDisplayValue": [Function],
  "getAllByLabelText": [Function],
  "getAllByPlaceholderText": [Function],
  "getAllByRole": [Function],
  "getAllByTestId": [Function],
  "getAllByText": [Function],
  "getAllByTitle": [Function],
  "getByAltText": [Function],
  "getByDisplayValue": [Function],
  "getByLabelText": [Function],
  "getByPlaceholderText": [Function],
  "getByRole": [Function],
  "getByTestId": [Function],
  "getByText": [Function],
  "getByTitle": [Function],
  "queryAllByAltText": [Function],
  "queryAllByDisplayValue": [Function],
  "queryAllByLabelText": [Function],
  "queryAllByPlaceholderText": [Function],
  "queryAllByRole": [Function],
  "queryAllByTestId": [Function],
  "queryAllByText": [Function],
  "queryAllByTitle": [Function],
  "queryByAltText": [Function],
  "queryByDisplayValue": [Function],
  "queryByLabelText": [Function],
  "queryByPlaceholderText": [Function],
  "queryByRole": [Function],
  "queryByTestId": [Function],
  "queryByText": [Function],
  "queryByTitle": [Function],
  "rerender": [Function],
  "unmount": [Function],
}
`;
